#-----------------------------------------------------------
# Vivado v2020.1 (64-bit)
# SW Build 2902540 on Wed May 27 19:54:49 MDT 2020
# IP Build 2902112 on Wed May 27 22:43:36 MDT 2020
# Start of session at: Tue Oct  6 13:54:58 2026
# Process ID: 31592
# Current directory: C:/Users/hijab/Downloads/calabs-vivado/lab6/project_1
# Command line: vivado.exe -gui_launcher_event rodinguilauncherevent33732 C:\Users\hijab\Downloads\calabs-vivado\lab6\project_1\project_1.xpr
# Log file: C:/Users/hijab/Downloads/calabs-vivado/lab6/project_1/vivado.log
# Journal file: C:/Users/hijab/Downloads/calabs-vivado/lab6/project_1\vivado.jou
#-----------------------------------------------------------
start_gui
open_project C:/Users/hijab/Downloads/calabs-vivado/lab6/project_1/project_1.xpr
INFO: [Project 1-313] Project file moved from 'C:/Users/hijab/OneDrive/Documents/calabs-vivado/lab6/project_1' since last save.
Scanning sources...
Finished scanning sources
INFO: [IP_Flow 19-234] Refreshing IP repositories
INFO: [IP_Flow 19-1704] No user IP repositories specified
INFO: [IP_Flow 19-2313] Loaded Vivado IP repository 'C:/Xilinx/Vivado/2020.1/data/ip'.
update_compile_order -fileset sources_1
launch_simulation
ERROR: [Common 17-1293] The path 'C:/Users/hijab/Downloads/calabs-vivado/lab6/project_1/project_1.cache/wt' already exists, is a directory, but is not writable.
exit
INFO: [Common 17-206] Exiting Vivado at Tue Oct  6 13:56:28 2026...
