#-----------------------------------------------------------
# Vivado v2020.1 (64-bit)
# SW Build 2902540 on Wed May 27 19:54:49 MDT 2020
# IP Build 2902112 on Wed May 27 22:43:36 MDT 2020
# Start of session at: Wed Sep 30 13:20:47 2026
# Process ID: 6572
# Current directory: C:/Users/hijab/project_ca_lab
# Command line: vivado.exe -gui_launcher_event rodinguilauncherevent16380 C:\Users\hijab\project_ca_lab\project_ca_lab.xpr
# Log file: C:/Users/hijab/project_ca_lab/vivado.log
# Journal file: C:/Users/hijab/project_ca_lab\vivado.jou
#-----------------------------------------------------------
start_gui
open_project C:/Users/hijab/project_ca_lab/project_ca_lab.xpr
Scanning sources...
Finished scanning sources
WARNING: [filemgmt 56-3] Default IP Output Path : Could not find the directory 'C:/Users/hijab/project_ca_lab/project_ca_lab.srcs/sources_1'.
INFO: [IP_Flow 19-234] Refreshing IP repositories
INFO: [IP_Flow 19-1704] No user IP repositories specified
INFO: [IP_Flow 19-2313] Loaded Vivado IP repository 'C:/Xilinx/Vivado/2020.1/data/ip'.
update_compile_order -fileset sources_1
exit
INFO: [Common 17-206] Exiting Vivado at Wed Sep 30 13:21:02 2026...
